
> your-tax-source@0.1.0 build
> next build

▲ Next.js 16.2.6 (Turbopack)

⚠ The "middleware" file convention is deprecated. Please use "proxy" instead. Learn more: https://nextjs.org/docs/messages/middleware-to-proxy
  Creating an optimized production build ...
✓ Compiled successfully in 17.0s
  Running TypeScript ...
Failed to type check.

./src/app/(portal)/portal/settings/mfa/page.tsx:16:24
Type error: Property 'id' does not exist on type '{ name?: string | null | undefined; email?: string | null | undefined; image?: string | null | undefined; }'.

  [90m14 |[0m
  [90m15 |[0m   useEffect(() => {
[31m[1m>[0m [90m16 |[0m     [36mif[0m (session?.user?.id) {
  [90m   |[0m                        [31m[1m^[0m
  [90m17 |[0m       handleGenerateQr();
  [90m18 |[0m     }
  [90m19 |[0m   }, [session]);
Next.js build worker exited with code: 1 and signal: null
